export const snapshot = {};

snapshot[`ModalDisplay - HTML snapshot when open 1`] = `'<div class="modal modal-open"><div class="modal-box w-11/12 max-w-5xl"><h3 class="font-bold text-lg mb-4">Snapshot Modal</h3>Snapshot test content</div><div class="modal-backdrop"></div></div>'`;

snapshot[`ModalDisplay - HTML snapshot when closed 1`] = `""`;

snapshot[`ModalDisplay - HTML snapshot complex 1`] = `'<div class="modal modal-open custom-modal"><div class="modal-box w-11/12 max-w-5xl"><h3 class="font-bold text-lg mb-4">Action Modal</h3><div class="space-y-4"><p class="text-base-content">Modal description goes here.</p><div class="modal-action"><button class="btn">Cancel</button><button class="btn btn-primary">Save</button></div></div></div><div class="modal-backdrop"></div></div>'`;
