export const snapshot = {};

snapshot[`CountdownDisplay - HTML snapshot 1`] = `'<div class="flex gap-2 "><div class="flex flex-col items-center"><span class="font-mono text-2xl font-bold">00</span><span class="text-base text-base-content/70">days</span></div><span class="font-mono text-2xl font-bold text-base-content/50">:</span><div class="flex flex-col items-center"><span class="font-mono text-2xl font-bold">00</span><span class="text-base text-base-content/70">hours</span></div><span class="font-mono text-2xl font-bold text-base-content/50">:</span><div class="flex flex-col items-center"><span class="font-mono text-2xl font-bold">42</span><span class="text-base text-base-content/70">minutes</span></div><span class="font-mono text-2xl font-bold text-base-content/50">:</span><div class="flex flex-col items-center"><span class="font-mono text-2xl font-bold">00</span><span class="text-base text-base-content/70">seconds</span></div></div>'`;

snapshot[`CountdownDisplay - HTML snapshot full format 1`] = `'<div class="flex gap-2 border"><div class="flex flex-col items-center"><span class="font-mono text-4xl font-bold">07</span><span class="text-lg text-base-content/70">days</span></div><span class="font-mono text-4xl font-bold text-base-content/50">:</span><div class="flex flex-col items-center"><span class="font-mono text-4xl font-bold">23</span><span class="text-lg text-base-content/70">hours</span></div><span class="font-mono text-4xl font-bold text-base-content/50">:</span><div class="flex flex-col items-center"><span class="font-mono text-4xl font-bold">59</span><span class="text-lg text-base-content/70">minutes</span></div><span class="font-mono text-4xl font-bold text-base-content/50">:</span><div class="flex flex-col items-center"><span class="font-mono text-4xl font-bold">30</span><span class="text-lg text-base-content/70">seconds</span></div></div>'`;
