export const snapshot = {};

snapshot[`Table - HTML snapshot 1`] = `'<div class="space-y-4"><div class="overflow-x-auto"><table class="table table-zebra"><thead><tr><th class><div class="flex items-center gap-2"><span>Product</span></div></th><th class><div class="flex items-center gap-2"><span>Price</span></div></th><th class><div class="flex items-center gap-2"><span>Stock</span></div></th></tr></thead><tbody><tr><td class>Widget A</td><td class>$10.99</td><td class>15</td></tr><tr><td class>Widget B</td><td class>$25.50</td><td class>8</td></tr><tr><td class>Widget C</td><td class>$5.00</td><td class>32</td></tr></tbody></table></div></div>'`;

snapshot[`Table - HTML snapshot compact 1`] = `'<div class="space-y-4"><div class="overflow-x-auto"><table class="table table-xs table-pin-rows"><thead><tr><th class><div class="flex items-center gap-2"><span>ID</span></div></th><th class><div class="flex items-center gap-2"><span>Status</span></div></th></tr></thead><tbody><tr><td class>001</td><td class>Active</td></tr><tr><td class>002</td><td class>Inactive</td></tr></tbody></table></div></div>'`;
