export const snapshot = {};

snapshot[`CardDisplay - HTML snapshot simple 1`] = `'<div class="card bg-base-100 shadow-xl"><div class="card-body"><h2 class="card-title">Simple Card</h2>Simple card content</div></div>'`;

snapshot[`CardDisplay - HTML snapshot with image 1`] = `'<div class="card bg-base-100 shadow-xl"><figure><img src="https://example.com/card-image.jpg" alt="Example image"/></figure><div class="card-body"><h2 class="card-title">Image Card</h2>Card with image content</div></div>'`;

snapshot[`CardDisplay - HTML snapshot with actions 1`] = `'<div class="card bg-base-100 shadow-xl"><div class="card-body"><h2 class="card-title">Action Card</h2>Card with actions<div class="card-actions justify-end"><div><button class="btn btn-primary">Primary</button><button class="btn btn-secondary">Secondary</button></div></div></div></div>'`;

snapshot[`CardDisplay - HTML snapshot complex 1`] = `'<div class="card card-compact card-bordered bg-base-100 shadow-xl custom-card"><figure><img src="complex-image.jpg" alt="Complex card image"/></figure><div class="card-body"><h2 class="card-title">Complex Card</h2><div><p class="text-base-content">Complex card with multiple features.</p><div class="space-y-2"><div class="badge badge-primary">Feature 1</div><div class="badge badge-secondary">Feature 2</div></div></div><div class="card-actions justify-end"><div><button class="btn btn-ghost">Cancel</button><button class="btn btn-primary">Confirm</button></div></div></div></div>'`;
