export const snapshot = {};

snapshot[`TimelineDisplay - HTML snapshot 1`] = `'<ul class="timeline timeline-vertical timeline-md" orientation="vertical"><li><div class="timeline-start"></div><div class="timeline-middle"><div class="timeline-icon  ">ðŸŽ¨</div></div><div class="timeline-end"><div class="timeline-box "><div class="font-semibold">Design Phase</div></div></div><hr/></li><li><hr/><div class="timeline-start"></div><div class="timeline-middle"><div class="timeline-icon  ">ðŸ’»</div></div><div class="timeline-end"><div class="timeline-box "><div class="font-semibold">Development</div></div></div><hr/></li><li><hr/><div class="timeline-start"></div><div class="timeline-middle"><div class="timeline-icon  ">ðŸ§ª</div></div><div class="timeline-end"><div class="timeline-box "><div class="font-semibold">Testing</div></div></div></li></ul>'`;

snapshot[`TimelineDisplay - HTML snapshot horizontal 1`] = `'<ul class="timeline timeline-vertical timeline-md" orientation="horizontal" compact snap><li><div class="timeline-start"></div><div class="timeline-middle"><div class="timeline-icon  "><svg xmlns="http://www.w3.org/2000/svg" viewBox="0 0 20 20" fill="currentColor" class="w-5 h-5"><path fill-rule="evenodd" d="M10 18a8 8 0 100-16 8 8 0 000 16zm3.857-9.809a.75.75 0 00-1.214-.882l-3.236 4.53L8.001 10.75a.75.75 0 00-1.06 1.061l1.666 1.667a.75.75 0 001.137-.089l3.857-5.398z" clip-rule="evenodd"></path></svg></div></div><div class="timeline-end"><div class="timeline-box "><div class="font-semibold">Start</div></div></div><hr/></li><li><hr/><div class="timeline-start"></div><div class="timeline-middle"><div class="timeline-icon  "><svg xmlns="http://www.w3.org/2000/svg" viewBox="0 0 20 20" fill="currentColor" class="w-5 h-5"><path fill-rule="evenodd" d="M10 18a8 8 0 100-16 8 8 0 000 16zm3.857-9.809a.75.75 0 00-1.214-.882l-3.236 4.53L8.001 10.75a.75.75 0 00-1.06 1.061l1.666 1.667a.75.75 0 001.137-.089l3.857-5.398z" clip-rule="evenodd"></path></svg></div></div><div class="timeline-end"><div class="timeline-box "><div class="font-semibold">Middle</div></div></div><hr/></li><li><hr/><div class="timeline-start"></div><div class="timeline-middle"><div class="timeline-icon  "><svg xmlns="http://www.w3.org/2000/svg" viewBox="0 0 20 20" fill="currentColor" class="w-5 h-5"><path fill-rule="evenodd" d="M10 18a8 8 0 100-16 8 8 0 000 16zm3.857-9.809a.75.75 0 00-1.214-.882l-3.236 4.53L8.001 10.75a.75.75 0 00-1.06 1.061l1.666 1.667a.75.75 0 001.137-.089l3.857-5.398z" clip-rule="evenodd"></path></svg></div></div><div class="timeline-end"><div class="timeline-box "><div class="font-semibold">End</div></div></div></li></ul>'`;
