export const snapshot = {};

snapshot[`DiffDisplay - HTML snapshot 1`] = `\`<div class="diff text-base mockup-code bg-base-200 relative"><div class="flex"><div class="flex-1 text-center p-2 bg-red-100 text-red-700 font-semibold border-b">Before</div><div class="flex-1 text-center p-2 bg-green-100 text-green-700 font-semibold border-b">After</div></div><div class="space-y-1 p-4"><pre class="bg-red-50 text-red-900 px-2 py-1 rounded border-l-4 border-red-400"><span class="text-red-600 mr-2">-</span>console.log('Hello World');</pre><pre class="bg-green-50 text-green-900 px-2 py-1 rounded border-l-4 border-green-400"><span class="text-green-600 mr-2">+</span>console.log('Hello, daisyUI!');</pre></div></div>\``;

snapshot[`DiffDisplay - HTML snapshot responsive 1`] = `'<div class="diff text-base relative"><div class="diff-item-1"><div class="diff-resizer font-semibold p-2 bg-red-50 text-red-700 border-b border-red-200">Before</div><pre class="diff-resizer bg-red-50 text-red-900 p-4 whitespace-pre-wrap overflow-auto max-h-96">Original design mockup</pre></div><div class="diff-item-2"><div class="diff-resizer font-semibold p-2 bg-green-50 text-green-700 border-b border-green-200">After</div><pre class="diff-resizer bg-green-50 text-green-900 p-4 whitespace-pre-wrap overflow-auto max-h-96">Updated design mockup</pre></div></div>'`;
