export const snapshot = {};

snapshot[`CarouselDisplay - HTML snapshot 1`] = `'<div class="relative"><div class="carousel w-full"><div id="slide1" class="carousel-item relative w-full justify-center">Carousel content</div></div></div>'`;

snapshot[`CarouselDisplay - HTML snapshot with items 1`] = `'<div class="relative"><div class="carousel w-full"><div id="slide1" class="carousel-item relative w-full justify-center">First item</div><div id="slide2" class="carousel-item relative w-full justify-center">Second item</div></div><div class="flex justify-between transform -translate-y-1/2 absolute left-5 right-5 top-1/2"><a href="#slide1" class="btn btn-circle">❮</a><a href="#slide2" class="btn btn-circle">❯</a></div><div class="flex justify-center w-full py-2 gap-2"><a href="#slide1" class="btn btn-xs">1</a><a href="#slide2" class="btn btn-xs">2</a></div></div>'`;
